BUG REPORT COMMENTS:
(In reply to Manoj Palat from comment #16)
> Shankha: when the type hierarchy is computed for ExampleClass, there is a
> stack overflow error with the following stack trace:
> 	at
> org.eclipse.jdt.internal.core.hierarchy.HierarchyResolver.
> subTypeOfType(HierarchyResolver.java:920)
> 	at
> org.eclipse.jdt.internal.core.hierarchy.HierarchyResolver.
> subTypeOfType(HierarchyResolver.java:920)
> 	at
> org.eclipse.jdt.internal.core.hierarchy.HierarchyResolver.
> subTypeOfType(HierarchyResolver.java:920)
> 	at
> org.eclipse.jdt.internal.core.hierarchy.HierarchyResolver.
> subTypeOfType(HierarchyResolver.java:920)
> 	at
> org.eclipse.jdt.internal.core.hierarchy.HierarchyResolver.
> subTypeOfType(HierarchyResolver.java:920)
> 	at
> org.eclipse.jdt.internal.core.hierarchy.HierarchyResolver.
> subTypeOfType(HierarchyResolver.java:920)
> .
> .
> 
> [this is different from the original stack trace]. Can you please take a
> look.

Raised bug 457813 as a follow-up bug for this new stack trace and moving this to verified state

Verified for Eclipse Luna SR2 Build id: M20150114-1500

